C:\Users\jcro_\Documents\MCUXpressoIDE_11.6.0_8187\workspace\frdmk64f_lwip_udpecho_freertos_can\CMSIS/core_cm4.h:1679:22:__NVIC_EnableIRQ	16	static
C:\Users\jcro_\Documents\MCUXpressoIDE_11.6.0_8187\workspace\frdmk64f_lwip_udpecho_freertos_can\drivers/fsl_common_arm.h:499:24:EnableIRQ	24	static
C:\Users\jcro_\Documents\MCUXpressoIDE_11.6.0_8187\workspace\frdmk64f_lwip_udpecho_freertos_can\drivers/fsl_flexcan.h:1482:24:FLEXCAN_GetMbStatusFlags	16	static
C:\Users\jcro_\Documents\MCUXpressoIDE_11.6.0_8187\workspace\frdmk64f_lwip_udpecho_freertos_can\drivers/fsl_flexcan.h:1504:20:FLEXCAN_ClearMbStatusFlags	16	static
C:\Users\jcro_\Documents\MCUXpressoIDE_11.6.0_8187\workspace\frdmk64f_lwip_udpecho_freertos_can\drivers/fsl_flexcan.h:1674:20:FLEXCAN_EnableMbInterrupts	16	static
../lwip/contrib/apps/udpecho/udpecho.c:56:1:udpecho_thread	48	static
../lwip/contrib/apps/udpecho/udpecho.c:119:1:CAN_thread	72	static
../lwip/contrib/apps/udpecho/udpecho.c:312:6:CAN0_ORed_Message_buffer_IRQHandler	16	static
../lwip/contrib/apps/udpecho/udpecho.c:334:1:udpecho_init	16	static
